// Vitest Snapshot v1

exports[`Home 1`] = `
<div>
  <h1>
    Hello
  </h1>
</div>
`;
