// Vitest Snapshot v1

exports[`Title 1`] = `
<div>
  <h1>
    Title
  </h1>
</div>
`;
